// Jest Snapshot v1, https://goo.gl/fbAQLP

exports[`snapshots 1`] = `
<div
  id="root"
>
  Hello World!
</div>
`;
